// Jest Snapshot v1, https://goo.gl/fbAQLP

exports[`Testing CardsList component 1`] = `ShallowWrapper {}`;
