// Jest Snapshot v1, https://goo.gl/fbAQLP

exports[`Testing Counter component 1`] = `ShallowWrapper {}`;
