// Jest Snapshot v1, https://goo.gl/fbAQLP

exports[`MainComponent Renders MainPage without crashing 1`] = `ShallowWrapper {}`;

exports[`Renders MainPage without crashing 1`] = `ShallowWrapper {}`;
