// Jest Snapshot v1, https://goo.gl/fbAQLP

exports[`Testing SearchBox component 1`] = `ShallowWrapper {}`;
